// Vitest Snapshot v1, https://vitest.dev/guide/snapshot.html

exports[`App component > renders correctly 1`] = `
<body>
  <div>
    <article
      class="mt-[120px] w-[340px] self-start overflow-hidden rounded-lg bg-white [box-shadow:_0px_1px_3px_0px_rgba(0,_0,_0,_10%),_0px_1px_2px_0px_rgba(0,_0,_0,_6%)]"
    >
      <figure
        class="h-[288px]"
      >
        <img
          alt="Space Joy Image From Unsplash"
          class="h-full w-full object-cover"
          src="/src/assets/spacejoy.webp"
        />
      </figure>
      <div
        class="flex flex-col gap-3 px-4 py-6 font-body"
      >
        <div
          class="flex flex-col gap-2"
        >
          <span
            class="flex h-[24px] w-[67px] items-start justify-center rounded-full border-[1px] border-green-200 bg-green-50 text-sm text-green-700"
          >
            Interior
          </span>
          <h4
            class="text-lg font-semibold text-neutral-900"
          >
            Top 5 Living Room Inspirations
          </h4>
        </div>
        <div
          class="flex flex-col gap-6"
        >
          <p
            class="font-medium text-neutral-600"
          >
            Curated vibrants colors for your living, make it pop & calm in the same time.
          </p>
          <a
            class="flex items-center gap-[6px] font-medium text-indigo-700"
            href="#"
          >
            <span
              class="inline-block px-[2px]"
            >
              Read more
            </span>
            <svg
              aria-hidden="true"
              fill="none"
              height="20"
              viewBox="0 0 20 20"
              width="20"
              xmlns="http://www.w3.org/2000/svg"
            >
              <path
                d="M13.9763 9.16658L9.50625 4.69657L10.6848 3.51807L17.1666 9.99992L10.6848 16.4817L9.50625 15.3032L13.9763 10.8332H3.83325V9.16658H13.9763Z"
                fill="currentColor"
              />
            </svg>
          </a>
        </div>
      </div>
    </article>
  </div>
</body>
`;
